// Jest Snapshot v1, https://goo.gl/fbAQLP

exports[`Testing CheckBox Component should match snapshot 1`] = `undefined`;
